[2023-03-28 01:54:09] log_rotation script  begin
[2023-03-28 01:55:09] check log size
[2024-07-12 17:06:32] check log size
[2024-07-12 17:07:32] check log size
[2024-07-12 17:08:32] check log size
[2024-07-12 17:09:33] check log size
[2024-07-12 17:10:33] check log size
[2024-07-12 17:11:33] check log size
[2024-07-12 17:12:33] check log size
[2024-07-12 17:13:33] check log size
[2024-07-12 17:14:33] check log size
[2024-07-12 17:15:33] check log size
[2024-07-12 17:16:33] check log size
[2024-07-12 17:17:33] check log size
[2024-07-12 17:18:33] check log size
[2024-07-12 17:19:33] check log size
[2024-07-12 17:20:33] check log size
[2024-07-12 17:21:33] check log size
[2024-07-12 17:22:33] check log size
[2023-03-28 01:54:09] log_rotation script  begin
[2023-03-28 01:55:09] check log size
[2024-07-12 17:25:24] check log size
[2024-07-12 17:26:24] check log size
[2023-03-28 01:54:09] log_rotation script  begin
[2023-03-28 01:55:09] check log size
[2024-07-12 17:29:30] check log size
[2024-07-12 17:30:30] check log size
[2024-07-12 17:31:30] check log size
[2024-07-12 17:32:30] check log size
[2024-07-12 17:33:30] check log size
[2024-07-12 17:34:30] check log size
[2024-07-12 17:35:30] check log size
[2024-07-12 17:36:30] check log size
[2023-03-28 01:54:09] log_rotation script  begin
[2023-03-28 01:55:09] check log size
[2024-07-12 17:39:52] check log size
[2024-07-12 17:40:53] check log size
[2024-07-12 17:41:53] check log size
[2024-07-12 17:42:53] check log size
[2024-07-12 17:43:53] check log size
[2024-07-12 17:44:53] check log size
[2024-07-12 17:45:53] check log size
[2024-07-12 17:46:53] check log size
[2024-07-12 17:47:53] check log size
[2024-07-12 17:48:53] check log size
[2024-07-12 17:49:53] check log size
[2024-07-12 17:50:53] check log size
[2024-07-12 17:51:53] check log size
[2024-07-12 17:52:53] check log size
[2024-07-12 17:53:53] check log size
[2024-07-12 17:54:53] check log size
[2024-07-12 17:55:53] check log size
[2024-07-12 17:56:53] check log size
[2024-07-12 17:57:53] check log size
[2024-07-12 17:58:53] check log size
[2024-07-12 17:59:53] check log size
[2024-07-12 18:00:53] check log size
[2024-07-12 18:01:53] check log size
[2024-07-12 18:02:53] check log size
[2024-07-12 18:03:53] check log size
[2024-07-12 18:04:53] check log size
[2024-07-12 18:05:53] check log size
[2024-07-12 18:06:53] check log size
[2024-07-12 18:07:53] check log size
[2024-07-12 18:08:53] check log size
[2024-07-12 18:09:53] check log size
[2024-07-12 18:10:53] check log size
[2024-07-12 18:11:54] check log size
[2024-07-12 18:12:54] check log size
[2024-07-12 18:13:54] check log size
[2024-07-12 18:14:54] check log size
[2024-07-12 18:15:54] check log size
[2024-07-12 18:16:54] check log size
[2024-07-12 18:17:54] check log size
[2024-07-12 18:18:54] check log size
[2024-07-12 18:19:54] check log size
[2024-07-12 18:20:54] check log size
[2024-07-12 18:21:54] check log size
[2024-07-12 18:22:54] check log size
[2024-07-12 18:23:54] check log size
[2024-07-12 18:24:54] check log size
[2024-07-12 18:25:54] check log size
[2024-07-12 18:26:54] check log size
[2024-07-12 18:27:54] check log size
[2024-07-12 18:28:54] check log size
[2024-07-12 18:29:54] check log size
[2024-07-12 18:30:54] check log size
[2024-07-12 18:31:54] check log size
[2024-07-12 18:32:54] check log size
[2024-07-12 18:33:54] check log size
[2024-07-12 18:34:54] check log size
[2024-07-12 18:35:54] check log size
[2024-07-12 18:36:54] check log size
[2024-07-12 18:37:54] check log size
[2024-07-12 18:38:54] check log size
[2024-07-12 18:39:54] check log size
[2024-07-12 18:40:54] check log size
[2024-07-12 18:41:54] check log size
[2024-07-12 18:42:55] check log size
[2024-07-12 18:43:55] check log size
[2024-07-12 18:44:55] check log size
[2024-07-12 18:45:55] check log size
[2024-07-12 18:46:55] check log size
[2024-07-12 18:47:55] check log size
[2024-07-12 18:48:55] check log size
[2024-07-12 18:49:55] check log size
[2024-07-12 18:50:55] check log size
[2024-07-12 18:51:55] check log size
[2024-07-12 18:52:55] check log size
[2024-07-12 18:53:55] check log size
[2024-07-12 18:54:55] check log size
[2024-07-12 18:55:55] check log size
[2024-07-12 18:56:55] check log size
[2024-07-12 18:57:55] check log size
[2024-07-12 18:58:55] check log size
[2024-07-12 18:59:55] check log size
[2024-07-12 19:00:55] check log size
[2024-07-12 19:01:55] check log size
[2024-07-12 19:02:55] check log size
[2024-07-12 19:03:55] check log size
[2024-07-12 19:04:55] check log size
[2024-07-12 19:05:55] check log size
[2024-07-12 19:06:55] check log size
[2024-07-12 19:07:55] check log size
[2024-07-12 19:08:55] check log size
[2023-03-28 01:54:09] log_rotation script  begin
[2023-03-28 01:55:09] check log size
[2024-07-13 14:32:01] check log size
[2024-07-13 14:33:01] check log size
[2024-07-13 14:34:01] check log size
[2024-07-13 14:35:01] check log size
[2024-07-13 14:36:01] check log size
[2024-07-13 14:37:01] check log size
[2024-07-13 14:38:01] check log size
[2024-07-13 14:39:01] check log size
[2024-07-13 14:40:01] check log size
[2024-07-13 14:41:01] check log size
[2024-07-13 14:42:01] check log size
[2024-07-13 14:43:01] check log size
[2024-07-13 14:44:02] check log size
[2024-07-13 14:45:02] check log size
[2024-07-13 14:46:02] check log size
[2024-07-13 14:47:02] check log size
[2024-07-13 14:48:02] check log size
[2024-07-13 14:49:02] check log size
[2024-07-13 14:50:02] check log size
[2024-07-13 14:51:02] check log size
[2024-07-13 14:52:02] check log size
[2024-07-13 14:53:02] check log size
[2024-07-13 14:54:02] check log size
[2024-07-13 14:55:02] check log size
[2024-07-13 14:56:02] check log size
[2024-07-13 14:57:02] check log size
[2024-07-13 14:58:02] check log size
[2024-07-13 14:59:02] check log size
[2024-07-13 15:00:02] check log size
[2024-07-13 15:01:02] check log size
[2024-07-13 15:02:02] check log size
[2024-07-13 15:03:02] check log size
[2023-03-28 01:54:09] log_rotation script  begin
[2023-03-28 01:55:09] check log size
[2024-07-13 15:06:18] check log size
[2024-07-13 15:07:18] check log size
[2024-07-13 15:08:18] check log size
[2024-07-13 15:09:18] check log size
[2024-07-13 15:10:18] check log size
[2024-07-13 15:11:18] check log size
[2024-07-13 15:12:18] check log size
[2024-07-13 15:13:18] check log size
[2023-03-28 01:54:09] log_rotation script  begin
[2023-03-28 01:55:09] check log size
[2024-07-13 15:16:03] check log size
[2024-07-13 15:17:03] check log size
[2023-03-28 01:54:09] log_rotation script  begin
[2023-03-28 01:55:09] check log size
[2024-07-13 15:19:31] check log size
[2024-07-13 15:20:31] check log size
[2024-07-13 15:21:31] check log size
[2023-03-28 01:54:09] log_rotation script  begin
[2023-03-28 01:55:09] check log size
[2024-07-13 15:24:34] check log size
[2024-07-13 15:25:34] check log size
[2024-07-13 15:26:34] check log size
[2024-07-13 15:27:34] check log size
[2024-07-13 15:28:34] check log size
[2024-07-13 15:29:34] check log size
[2024-07-13 15:30:34] check log size
[2024-07-13 15:31:34] check log size
[2024-07-13 15:32:34] check log size
[2024-07-13 15:33:34] check log size
[2024-07-13 15:34:34] check log size
[2024-07-13 15:35:34] check log size
[2024-07-13 15:36:34] check log size
[2024-07-13 15:37:34] check log size
[2024-07-13 15:38:34] check log size
[2024-07-13 15:39:34] check log size
[2024-07-13 15:40:34] check log size
[2024-07-13 15:41:34] check log size
[2024-07-13 15:42:34] check log size
[2024-07-13 15:43:34] check log size
[2024-07-13 15:44:34] check log size
[2024-07-13 15:45:34] check log size
[2024-07-13 15:46:34] check log size
[2024-07-13 15:47:34] check log size
[2024-07-13 15:48:34] check log size
[2024-07-13 15:49:34] check log size
[2024-07-13 15:50:34] check log size
[2024-07-13 15:51:34] check log size
[2024-07-13 15:52:35] check log size
[2024-07-13 15:53:35] check log size
[2024-07-13 15:54:35] check log size
[2024-07-13 15:55:35] check log size
[2024-07-13 15:56:35] check log size
[2024-07-13 15:57:35] check log size
[2024-07-13 15:58:35] check log size
[2024-07-13 15:59:35] check log size
[2024-07-13 16:00:35] check log size
[2024-07-13 16:01:35] check log size
[2024-07-13 16:02:35] check log size
[2024-07-13 16:03:35] check log size
[2024-07-13 16:04:35] check log size
[2024-07-13 16:05:35] check log size
[2024-07-13 16:06:35] check log size
[2024-07-13 16:07:35] check log size
[2024-07-13 16:08:35] check log size
[2024-07-13 16:09:35] check log size
[2024-07-13 16:10:35] check log size
[2024-07-13 16:11:35] check log size
[2024-07-13 16:12:35] check log size
[2024-07-13 16:13:35] check log size
[2024-07-13 16:14:35] check log size
[2024-07-13 16:15:35] check log size
[2024-07-13 16:16:35] check log size
[2024-07-13 16:17:35] check log size
[2024-07-13 16:18:35] check log size
[2024-07-13 16:19:35] check log size
[2024-07-13 16:20:35] check log size
[2024-07-13 16:21:35] check log size
[2024-07-13 16:22:35] check log size
[2024-07-13 16:23:36] check log size
[2024-07-13 16:24:36] check log size
[2024-07-13 16:25:36] check log size
[2024-07-13 16:26:36] check log size
[2024-07-13 16:27:36] check log size
[2024-07-13 16:28:36] check log size
[2024-07-13 16:29:36] check log size
[2024-07-13 16:30:36] check log size
[2024-07-13 16:31:36] check log size
[2024-07-13 16:32:36] check log size
[2024-07-13 16:33:36] check log size
[2024-07-13 16:34:36] check log size
[2024-07-13 16:35:36] check log size
[2024-07-13 16:36:36] check log size
[2024-07-13 16:37:36] check log size
[2024-07-13 16:38:36] check log size
[2024-07-13 16:39:36] check log size
[2024-07-13 16:40:36] check log size
[2024-07-13 16:41:36] check log size
[2024-07-13 16:42:36] check log size
[2024-07-13 16:43:36] check log size
[2024-07-13 16:44:36] check log size
[2024-07-13 16:45:36] check log size
[2024-07-13 16:46:36] check log size
[2024-07-13 16:47:36] check log size
[2024-07-13 16:48:36] check log size
[2024-07-13 16:49:36] check log size
[2024-07-13 16:50:36] check log size
[2024-07-13 16:51:36] check log size
[2024-07-13 16:52:37] check log size
[2024-07-13 16:53:37] check log size
[2024-07-13 16:54:37] check log size
[2024-07-13 16:55:37] check log size
[2024-07-13 16:56:37] check log size
[2024-07-13 16:57:37] check log size
[2024-07-13 16:58:37] check log size
[2024-07-13 16:59:37] check log size
[2024-07-13 17:00:37] check log size
[2024-07-13 17:01:37] check log size
[2024-07-13 17:02:37] check log size
[2024-07-13 17:03:37] check log size
[2024-07-13 17:04:37] check log size
[2024-07-13 17:05:37] check log size
[2024-07-13 17:06:37] check log size
[2024-07-13 17:07:37] check log size
[2024-07-13 17:08:37] check log size
[2024-07-13 17:09:37] check log size
[2024-07-13 17:10:37] check log size
[2024-07-13 17:11:37] check log size
[2024-07-13 17:12:37] check log size
[2024-07-13 17:13:37] check log size
[2024-07-13 17:14:37] check log size
[2024-07-13 17:15:37] check log size
[2024-07-13 17:16:37] check log size
[2024-07-13 17:17:37] check log size
[2024-07-13 17:18:37] check log size
[2024-07-13 17:19:37] check log size
[2024-07-13 17:20:37] check log size
[2024-07-13 17:21:37] check log size
[2024-07-13 17:22:37] check log size
[2024-07-13 17:23:37] check log size
[2024-07-13 17:24:37] check log size
[2024-07-13 17:25:37] check log size
[2024-07-13 17:26:38] check log size
[2024-07-13 17:27:38] check log size
[2024-07-13 17:28:38] check log size
[2024-07-13 17:29:38] check log size
[2024-07-13 17:30:38] check log size
[2024-07-13 17:31:38] check log size
[2024-07-13 17:32:38] check log size
[2024-07-13 17:33:38] check log size
[2024-07-13 17:34:38] check log size
[2024-07-13 17:35:38] check log size
[2024-07-13 17:36:38] check log size
[2024-07-13 17:37:38] check log size
[2024-07-13 17:38:38] check log size
[2024-07-13 17:39:38] check log size
[2024-07-13 17:40:38] check log size
[2024-07-13 17:41:38] check log size
[2024-07-13 17:42:38] check log size
[2024-07-13 17:43:38] check log size
[2024-07-13 17:44:38] check log size
[2024-07-13 17:45:38] check log size
[2024-07-13 17:46:38] check log size
[2024-07-13 17:47:38] check log size
[2024-07-13 17:48:38] check log size
[2024-07-13 17:49:38] check log size
[2024-07-13 17:50:38] check log size
[2024-07-13 17:51:38] check log size
[2024-07-13 17:52:38] check log size
[2024-07-13 17:53:38] check log size
[2024-07-13 17:54:38] check log size
[2024-07-13 17:55:38] check log size
[2024-07-13 17:56:38] check log size
[2024-07-13 17:57:38] check log size
[2024-07-13 17:58:38] check log size
[2024-07-13 17:59:39] check log size
[2024-07-13 18:00:39] check log size
[2024-07-13 18:01:39] check log size
[2024-07-13 18:02:39] check log size
[2024-07-13 18:03:39] check log size
[2024-07-13 18:04:39] check log size
[2024-07-13 18:05:39] check log size
[2024-07-13 18:06:39] check log size
[2024-07-13 18:07:39] check log size
[2024-07-13 18:08:39] check log size
[2024-07-13 18:09:39] check log size
[2024-07-13 18:10:39] check log size
[2024-07-13 18:11:39] check log size
[2024-07-13 18:12:39] check log size
[2024-07-13 18:13:39] check log size
[2024-07-13 18:14:39] check log size
[2024-07-13 18:15:39] check log size
[2024-07-13 18:16:39] check log size
[2024-07-13 18:17:39] check log size
[2024-07-13 18:18:39] check log size
[2024-07-13 18:19:39] check log size
[2024-07-13 18:20:39] check log size
[2024-07-13 18:21:39] check log size
[2023-03-28 01:54:09] log_rotation script  begin
[2023-03-28 01:55:09] check log size
[2024-07-15 08:58:10] check log size
[2024-07-15 08:59:10] check log size
[2024-07-15 09:00:10] check log size
[2024-07-15 09:01:10] check log size
[2024-07-15 09:02:10] check log size
[2024-07-15 09:03:10] check log size
[2024-07-15 09:04:10] check log size
[2024-07-15 09:05:10] check log size
[2024-07-15 09:06:10] check log size
[2024-07-15 09:07:10] check log size
[2024-07-15 09:08:10] check log size
[2024-07-15 09:09:10] check log size
[2024-07-15 09:10:11] check log size
[2024-07-15 09:11:11] check log size
[2024-07-15 09:12:11] check log size
[2024-07-15 09:13:11] check log size
[2024-07-15 09:14:11] check log size
[2024-07-15 09:15:11] check log size
[2024-07-15 09:16:11] check log size
[2024-07-15 09:17:11] check log size
[2024-07-15 09:18:11] check log size
[2024-07-15 09:19:11] check log size
[2024-07-15 09:20:11] check log size
[2024-07-15 09:21:11] check log size
[2024-07-15 09:22:11] check log size
[2024-07-15 09:23:11] check log size
[2024-07-15 09:24:11] check log size
[2024-07-15 09:25:11] check log size
[2024-07-15 09:26:11] check log size
[2024-07-15 09:27:11] check log size
[2024-07-15 09:28:11] check log size
[2024-07-15 09:29:11] check log size
[2024-07-15 09:30:11] check log size
[2024-07-15 09:31:11] check log size
[2024-07-15 09:32:11] check log size
[2024-07-15 09:33:11] check log size
[2024-07-15 09:34:11] check log size
[2024-07-15 09:35:11] check log size
[2024-07-15 09:36:11] check log size
[2024-07-15 09:37:11] check log size
[2024-07-15 09:38:11] check log size
[2024-07-15 09:39:11] check log size
[2024-07-15 09:40:11] check log size
[2024-07-15 09:41:11] check log size
[2024-07-15 09:42:11] check log size
[2024-07-15 09:43:11] check log size
[2024-07-15 09:44:12] check log size
[2024-07-15 09:45:12] check log size
[2024-07-15 09:46:12] check log size
[2024-07-15 09:47:12] check log size
[2024-07-15 09:48:12] check log size
[2024-07-15 09:49:12] check log size
[2024-07-15 09:50:12] check log size
[2024-07-15 09:51:12] check log size
[2024-07-15 09:52:12] check log size
[2024-07-15 09:53:12] check log size
[2024-07-15 09:54:12] check log size
[2024-07-15 09:55:12] check log size
[2024-07-15 09:56:12] check log size
[2024-07-15 09:57:12] check log size
[2024-07-15 09:58:12] check log size
[2024-07-15 09:59:12] check log size
[2024-07-15 10:00:12] check log size
[2024-07-15 10:01:12] check log size
[2024-07-15 10:02:12] check log size
[2024-07-15 10:03:12] check log size
[2024-07-15 10:04:12] check log size
[2024-07-15 10:05:12] check log size
[2024-07-15 10:06:12] check log size
[2024-07-15 10:07:12] check log size
[2024-07-15 10:08:12] check log size
[2024-07-15 10:09:12] check log size
[2024-07-15 10:10:12] check log size
[2024-07-15 10:11:12] check log size
[2024-07-15 10:12:12] check log size
[2024-07-15 10:13:12] check log size
[2024-07-15 10:14:12] check log size
[2024-07-15 10:15:12] check log size
[2024-07-15 10:16:13] check log size
[2024-07-15 10:17:13] check log size
[2024-07-15 10:18:13] check log size
[2024-07-15 10:19:13] check log size
[2024-07-15 10:20:13] check log size
[2024-07-15 10:21:13] check log size
[2024-07-15 10:22:13] check log size
[2024-07-15 10:23:13] check log size
[2024-07-15 10:24:13] check log size
[2024-07-15 10:25:13] check log size
[2024-07-15 10:26:13] check log size
[2024-07-15 10:27:13] check log size
[2024-07-15 10:28:13] check log size
[2024-07-15 10:29:13] check log size
[2024-07-15 10:30:13] check log size
[2024-07-15 10:31:13] check log size
[2024-07-15 10:32:13] check log size
[2024-07-15 10:33:13] check log size
[2024-07-15 10:34:13] check log size
[2024-07-15 10:35:13] check log size
[2024-07-15 10:36:13] check log size
[2024-07-15 10:37:13] check log size
[2024-07-15 10:38:13] check log size
[2024-07-15 10:39:13] check log size
[2024-07-15 10:40:13] check log size
[2024-07-15 10:41:13] check log size
[2024-07-15 10:42:13] check log size
[2024-07-15 10:43:13] check log size
[2024-07-15 10:44:13] check log size
[2024-07-15 10:45:13] check log size
[2024-07-15 10:46:13] check log size
[2024-07-15 10:47:13] check log size
[2024-07-15 10:48:13] check log size
[2024-07-15 10:49:13] check log size
[2024-07-15 10:50:14] check log size
[2024-07-15 10:51:14] check log size
[2024-07-15 10:52:14] check log size
[2024-07-15 10:53:14] check log size
[2024-07-15 10:54:14] check log size
[2024-07-15 10:55:14] check log size
[2024-07-15 10:56:14] check log size
[2024-07-15 10:57:14] check log size
[2024-07-15 10:58:14] check log size
[2024-07-15 10:59:14] check log size
[2024-07-15 11:00:14] check log size
[2024-07-15 11:01:14] check log size
[2024-07-15 11:02:14] check log size
[2024-07-15 11:03:14] check log size
[2024-07-15 11:04:14] check log size
[2024-07-15 11:05:14] check log size
[2024-07-15 11:06:14] check log size
[2024-07-15 11:07:14] check log size
[2024-07-15 11:08:14] check log size
[2024-07-15 11:09:14] check log size
[2024-07-15 11:10:14] check log size
[2024-07-15 11:11:14] check log size
[2024-07-15 11:12:14] check log size
[2024-07-15 11:13:14] check log size
[2024-07-15 11:14:14] check log size
[2024-07-15 11:15:14] check log size
[2024-07-15 11:16:14] check log size
[2024-07-15 11:17:14] check log size
[2024-07-15 11:18:14] check log size
[2024-07-15 11:19:14] check log size
[2024-07-15 11:20:14] check log size
[2024-07-15 11:21:14] check log size
[2024-07-15 11:22:14] check log size
[2024-07-15 11:23:15] check log size
[2024-07-15 11:24:15] check log size
[2024-07-15 11:25:15] check log size
[2024-07-15 11:26:15] check log size
[2024-07-15 11:27:15] check log size
[2024-07-15 11:28:15] check log size
[2024-07-15 11:29:15] check log size
[2024-07-15 11:30:15] check log size
[2024-07-15 11:31:15] check log size
[2024-07-15 11:32:15] check log size
[2024-07-15 11:33:15] check log size
[2024-07-15 11:34:15] check log size
[2024-07-15 11:35:15] check log size
[2024-07-15 11:36:15] check log size
[2024-07-15 11:37:15] check log size
[2024-07-15 11:38:15] check log size
[2023-03-28 01:54:09] log_rotation script  begin
[2023-03-28 01:55:09] check log size
[2024-07-15 13:44:22] check log size
[2024-07-15 13:45:22] check log size
[2024-07-15 13:46:22] check log size
[2024-07-15 13:47:22] check log size
[2024-07-15 13:48:22] check log size
[2024-07-15 13:49:22] check log size
[2024-07-15 13:50:22] check log size
[2024-07-15 13:51:22] check log size
[2024-07-15 13:52:22] check log size
[2024-07-15 13:53:22] check log size
[2024-07-15 13:54:23] check log size
[2024-07-15 13:55:23] check log size
[2024-07-15 13:56:23] check log size
[2024-07-15 13:57:23] check log size
[2024-07-15 13:58:23] check log size
[2024-07-15 13:59:23] check log size
[2024-07-15 14:00:23] check log size
[2024-07-15 14:01:23] check log size
[2024-07-15 14:02:23] check log size
[2024-07-15 14:03:23] check log size
[2024-07-15 14:04:23] check log size
[2024-07-15 14:05:23] check log size
[2024-07-15 14:06:23] check log size
[2024-07-15 14:07:23] check log size
[2024-07-15 14:08:23] check log size
[2024-07-15 14:09:23] check log size
[2024-07-15 14:10:23] check log size
[2024-07-15 14:11:23] check log size
[2024-07-15 14:12:23] check log size
[2024-07-15 14:13:23] check log size
[2024-07-15 14:14:23] check log size
[2024-07-15 14:15:23] check log size
[2024-07-15 14:16:23] check log size
[2024-07-15 14:17:23] check log size
[2024-07-15 14:18:23] check log size
[2024-07-15 14:19:23] check log size
[2024-07-15 14:20:23] check log size
[2024-07-15 14:21:23] check log size
[2024-07-15 14:22:23] check log size
[2024-07-15 14:23:23] check log size
[2024-07-15 14:24:23] check log size
[2024-07-15 14:25:23] check log size
[2024-07-15 14:26:23] check log size
[2024-07-15 14:27:23] check log size
[2024-07-15 14:28:23] check log size
[2024-07-15 14:29:23] check log size
[2024-07-15 14:30:24] check log size
[2024-07-15 14:31:24] check log size
[2024-07-15 14:32:24] check log size
[2024-07-15 14:33:24] check log size
[2024-07-15 14:34:24] check log size
[2024-07-15 14:35:24] check log size
[2024-07-15 14:36:24] check log size
[2024-07-15 14:37:24] check log size
[2024-07-15 14:38:24] check log size
[2024-07-15 14:39:24] check log size
[2024-07-15 14:40:24] check log size
[2024-07-15 14:41:24] check log size
[2024-07-15 14:42:24] check log size
[2024-07-15 14:43:24] check log size
[2024-07-15 14:44:24] check log size
[2024-07-15 14:45:24] check log size
[2024-07-15 14:46:24] check log size
[2024-07-15 14:47:24] check log size
[2024-07-15 14:48:24] check log size
[2024-07-15 14:49:24] check log size
[2024-07-15 14:50:24] check log size
[2024-07-15 14:51:24] check log size
[2024-07-15 14:52:24] check log size
[2024-07-15 14:53:24] check log size
[2024-07-15 14:54:24] check log size
[2024-07-15 14:55:24] check log size
[2024-07-15 14:56:24] check log size
[2024-07-15 14:57:24] check log size
[2024-07-15 14:58:24] check log size
[2024-07-15 14:59:24] check log size
[2024-07-15 15:00:24] check log size
[2024-07-15 15:01:24] check log size
[2024-07-15 15:02:24] check log size
[2024-07-15 15:03:24] check log size
[2024-07-15 15:04:24] check log size
[2024-07-15 15:05:24] check log size
[2024-07-15 15:06:25] check log size
[2024-07-15 15:07:25] check log size
[2024-07-15 15:08:25] check log size
[2024-07-15 15:09:25] check log size
[2024-07-15 15:10:25] check log size
[2024-07-15 15:11:25] check log size
[2024-07-15 15:12:25] check log size
[2024-07-15 15:13:25] check log size
[2024-07-15 15:14:25] check log size
[2024-07-15 15:15:25] check log size
[2024-07-15 15:16:25] check log size
[2024-07-15 15:17:25] check log size
[2024-07-15 15:18:25] check log size
[2024-07-15 15:19:25] check log size
[2024-07-15 15:20:25] check log size
[2024-07-15 15:21:25] check log size
[2024-07-15 15:22:25] check log size
[2024-07-15 15:23:25] check log size
[2024-07-15 15:24:25] check log size
[2024-07-15 15:25:25] check log size
[2024-07-15 15:26:25] check log size
[2024-07-15 15:27:25] check log size
[2024-07-15 15:28:25] check log size
[2024-07-15 15:29:25] check log size
[2024-07-15 15:30:25] check log size
[2024-07-15 15:31:25] check log size
[2024-07-15 15:32:25] check log size
[2024-07-15 15:33:25] check log size
[2024-07-15 15:34:25] check log size
[2024-07-15 15:35:25] check log size
[2024-07-15 15:36:25] check log size
[2024-07-15 15:37:25] check log size
[2024-07-15 15:38:25] check log size
[2024-07-15 15:39:25] check log size
[2024-07-15 15:40:26] check log size
[2024-07-15 15:41:26] check log size
[2024-07-15 15:42:26] check log size
[2024-07-15 15:43:26] check log size
[2024-07-15 15:44:26] check log size
[2024-07-15 15:45:26] check log size
[2024-07-15 15:46:26] check log size
[2024-07-15 15:47:26] check log size
[2024-07-15 15:48:26] check log size
[2024-07-15 15:49:26] check log size
[2024-07-15 15:50:26] check log size
[2024-07-15 15:51:26] check log size
[2024-07-15 15:52:26] check log size
[2024-07-15 15:53:26] check log size
[2024-07-15 15:54:26] check log size
[2024-07-15 15:55:26] check log size
[2024-07-15 15:56:26] check log size
[2024-07-15 15:57:26] check log size
[2024-07-15 15:58:26] check log size
[2024-07-15 15:59:26] check log size
[2024-07-15 16:00:26] check log size
[2024-07-15 16:01:26] check log size
[2024-07-15 16:02:26] check log size
[2024-07-15 16:03:26] check log size
[2024-07-15 16:04:26] check log size
[2024-07-15 16:05:26] check log size
[2024-07-15 16:06:26] check log size
[2024-07-15 16:07:26] check log size
[2024-07-15 16:08:26] check log size
[2024-07-15 16:09:26] check log size
[2024-07-15 16:10:27] check log size
[2024-07-15 16:11:27] check log size
[2024-07-15 16:12:27] check log size
[2024-07-15 16:13:27] check log size
[2024-07-15 16:14:27] check log size
[2024-07-15 16:15:27] check log size
[2024-07-15 16:16:27] check log size
[2024-07-15 16:17:27] check log size
[2024-07-15 16:18:27] check log size
[2024-07-15 16:19:27] check log size
[2024-07-15 16:20:27] check log size
[2024-07-15 16:21:27] check log size
[2024-07-15 16:22:27] check log size
[2024-07-15 16:23:27] check log size
[2024-07-15 16:24:27] check log size
[2024-07-15 16:25:27] check log size
[2024-07-15 16:26:27] check log size
[2024-07-15 16:27:27] check log size
[2024-07-15 16:28:27] check log size
[2024-07-15 16:29:27] check log size
[2024-07-15 16:30:27] check log size
[2024-07-15 16:31:27] check log size
[2024-07-15 16:32:27] check log size
[2024-07-15 16:33:27] check log size
[2024-07-15 16:34:27] check log size
[2024-07-15 16:35:27] check log size
[2024-07-15 16:36:27] check log size
[2024-07-15 16:37:27] check log size
[2024-07-15 16:38:27] check log size
[2024-07-15 16:39:27] check log size
[2024-07-15 16:40:27] check log size
[2024-07-15 16:41:27] check log size
[2024-07-15 16:42:28] check log size
[2024-07-15 16:43:28] check log size
[2024-07-15 16:44:28] check log size
[2024-07-15 16:45:28] check log size
[2024-07-15 16:46:28] check log size
[2024-07-15 16:47:28] check log size
[2024-07-15 16:48:28] check log size
[2024-07-15 16:49:28] check log size
[2024-07-15 16:50:28] check log size
[2024-07-15 16:51:28] check log size
[2024-07-15 16:52:28] check log size
[2024-07-15 16:53:28] check log size
[2024-07-15 16:54:28] check log size
[2024-07-15 16:55:28] check log size
[2024-07-15 16:56:28] check log size
[2024-07-15 16:57:28] check log size
[2024-07-15 16:58:28] check log size
[2024-07-15 16:59:28] check log size
[2024-07-15 17:00:28] check log size
[2024-07-15 17:01:28] check log size
[2024-07-15 17:02:28] check log size
[2024-07-15 17:03:28] check log size
[2024-07-15 17:04:28] check log size
[2024-07-15 17:05:28] check log size
[2024-07-15 17:06:28] check log size
[2024-07-15 17:07:28] check log size
[2024-07-15 17:08:28] check log size
[2024-07-15 17:09:28] check log size
[2024-07-15 17:10:28] check log size
[2024-07-15 17:11:28] check log size
[2024-07-15 17:12:28] check log size
[2024-07-15 17:13:28] check log size
[2024-07-15 17:14:28] check log size
[2024-07-15 17:15:29] check log size
[2024-07-15 17:16:29] check log size
[2024-07-15 17:17:29] check log size
[2024-07-15 17:18:29] check log size
[2024-07-15 17:19:29] check log size
[2024-07-15 17:20:29] check log size
[2024-07-15 17:21:29] check log size
[2024-07-15 17:22:29] check log size
[2024-07-15 17:23:29] check log size
[2024-07-15 17:24:29] check log size
[2024-07-15 17:25:29] check log size
[2024-07-15 17:26:29] check log size
[2024-07-15 17:27:29] check log size
[2024-07-15 17:28:29] check log size
[2024-07-15 17:29:29] check log size
[2024-07-15 17:30:29] check log size
[2024-07-15 17:31:29] check log size
[2023-03-28 01:54:09] log_rotation script  begin
[2023-03-28 01:55:09] check log size
[2024-07-15 17:34:43] check log size
[2024-07-15 17:35:43] check log size
[2024-07-15 17:36:43] check log size
[2024-07-15 17:37:43] check log size
[2024-07-15 17:38:43] check log size
[2024-07-15 17:39:43] check log size
[2024-07-15 17:40:43] check log size
[2024-07-15 17:41:43] check log size
[2024-07-15 17:42:43] check log size
[2024-07-15 17:43:43] check log size
[2024-07-15 17:44:43] check log size
[2024-07-15 17:45:43] check log size
[2024-07-15 17:46:43] check log size
[2024-07-15 17:47:43] check log size
[2024-07-15 17:48:43] check log size
[2024-07-15 17:49:43] check log size
[2024-07-15 17:50:43] check log size
[2024-07-15 17:51:43] check log size
[2024-07-15 17:52:43] check log size
[2024-07-15 17:53:43] check log size
[2024-07-15 17:54:43] check log size
[2024-07-15 17:55:43] check log size
[2024-07-15 17:56:43] check log size
[2024-07-15 17:57:43] check log size
[2024-07-15 17:58:43] check log size
[2024-07-15 17:59:43] check log size
[2024-07-15 18:00:43] check log size
[2024-07-15 18:01:43] check log size
[2024-07-15 18:02:43] check log size
[2024-07-15 18:03:43] check log size
[2024-07-15 18:04:44] check log size
[2024-07-15 18:05:44] check log size
[2024-07-15 18:06:44] check log size
[2024-07-15 18:07:44] check log size
[2024-07-15 18:08:44] check log size
[2024-07-15 18:09:44] check log size
[2024-07-15 18:10:44] check log size
[2024-07-15 18:11:44] check log size
[2024-07-15 18:12:44] check log size
[2024-07-15 18:13:44] check log size
[2024-07-15 18:14:44] check log size
[2024-07-15 18:15:44] check log size
[2024-07-15 18:16:44] check log size
[2024-07-15 18:17:44] check log size
[2024-07-15 18:18:44] check log size
[2024-07-15 18:19:44] check log size
[2024-07-15 18:20:44] check log size
[2024-07-15 18:21:44] check log size
[2024-07-15 18:22:44] check log size
[2024-07-15 18:23:44] check log size
[2024-07-15 18:24:44] check log size
[2024-07-15 18:25:44] check log size
[2024-07-15 18:26:44] check log size
[2024-07-15 18:27:44] check log size
[2024-07-15 18:28:44] check log size
[2024-07-15 18:29:44] check log size
[2024-07-15 18:30:44] check log size
[2024-07-15 18:31:44] check log size
[2024-07-15 18:32:44] check log size
[2024-07-15 18:33:44] check log size
[2024-07-15 18:34:44] check log size
[2024-07-15 18:35:44] check log size
[2024-07-15 18:36:44] check log size
[2024-07-15 18:37:44] check log size
[2024-07-15 18:38:44] check log size
[2024-07-15 18:39:45] check log size
[2024-07-15 18:40:45] check log size
[2024-07-15 18:41:45] check log size
[2024-07-15 18:42:45] check log size
[2024-07-15 18:43:45] check log size
[2024-07-15 18:44:45] check log size
[2024-07-15 18:45:45] check log size
[2024-07-15 18:46:45] check log size
[2024-07-15 18:47:45] check log size
[2024-07-15 18:48:45] check log size
[2024-07-15 18:49:45] check log size
[2024-07-15 18:50:45] check log size
[2024-07-15 18:51:45] check log size
[2024-07-15 18:52:45] check log size
[2024-07-15 18:53:45] check log size
[2024-07-15 18:54:45] check log size
[2024-07-15 18:55:45] check log size
[2024-07-15 18:56:45] check log size
[2024-07-15 18:57:45] check log size
[2024-07-15 18:58:45] check log size
[2024-07-15 18:59:45] check log size
[2024-07-15 19:00:45] check log size
[2024-07-15 19:01:45] check log size
[2023-03-28 01:54:09] log_rotation script  begin
[2023-03-28 01:55:09] check log size
[2024-07-16 09:41:33] check log size
[2024-07-16 09:42:33] check log size
[2024-07-16 09:43:33] check log size
[2024-07-16 09:44:33] check log size
[2024-07-16 09:45:33] check log size
[2024-07-16 09:46:33] check log size
[2024-07-16 09:47:34] check log size
[2024-07-16 09:48:34] check log size
[2024-07-16 09:49:34] check log size
[2024-07-16 09:50:34] check log size
[2024-07-16 09:51:34] check log size
[2024-07-16 09:52:34] check log size
[2024-07-16 09:53:34] check log size
[2024-07-16 09:54:34] check log size
[2024-07-16 09:55:34] check log size
[2024-07-16 09:56:34] check log size
[2024-07-16 09:57:34] check log size
[2024-07-16 09:58:34] check log size
[2024-07-16 09:59:34] check log size
[2024-07-16 10:00:34] check log size
[2024-07-16 10:01:34] check log size
[2024-07-16 10:02:34] check log size
[2024-07-16 10:03:34] check log size
[2024-07-16 10:04:34] check log size
[2024-07-16 10:05:34] check log size
[2024-07-16 10:06:34] check log size
[2024-07-16 10:07:34] check log size
[2024-07-16 10:08:34] check log size
[2024-07-16 10:09:34] check log size
[2024-07-16 10:10:34] check log size
[2024-07-16 10:11:34] check log size
[2024-07-16 10:12:34] check log size
[2024-07-16 10:13:34] check log size
[2024-07-16 10:14:34] check log size
[2024-07-16 10:15:34] check log size
[2024-07-16 10:16:34] check log size
[2024-07-16 10:17:34] check log size
[2024-07-16 10:18:34] check log size
[2024-07-16 10:19:34] check log size
[2024-07-16 10:20:34] check log size
[2024-07-16 10:21:34] check log size
[2024-07-16 10:22:35] check log size
[2024-07-16 10:23:35] check log size
[2024-07-16 10:24:35] check log size
[2024-07-16 10:25:35] check log size
[2024-07-16 10:26:35] check log size
[2024-07-16 10:27:35] check log size
[2024-07-16 10:28:35] check log size
[2024-07-16 10:29:35] check log size
[2024-07-16 10:30:35] check log size
[2024-07-16 10:31:35] check log size
[2024-07-16 10:32:35] check log size
[2024-07-16 10:33:35] check log size
[2024-07-16 10:34:35] check log size
[2024-07-16 10:35:35] check log size
[2024-07-16 10:36:35] check log size
[2024-07-16 10:37:35] check log size
[2024-07-16 10:38:35] check log size
[2024-07-16 10:39:35] check log size
[2024-07-16 10:40:35] check log size
[2024-07-16 10:41:35] check log size
[2024-07-16 10:42:35] check log size
[2024-07-16 10:43:35] check log size
[2024-07-16 10:44:35] check log size
[2024-07-16 10:45:35] check log size
[2024-07-16 10:46:35] check log size
[2024-07-16 10:47:35] check log size
[2024-07-16 10:48:35] check log size
[2024-07-16 10:49:35] check log size
[2024-07-16 10:50:35] check log size
[2024-07-16 10:51:35] check log size
[2024-07-16 10:52:35] check log size
[2024-07-16 10:53:35] check log size
[2024-07-16 10:54:35] check log size
[2024-07-16 10:55:35] check log size
[2024-07-16 10:56:36] check log size
[2024-07-16 10:57:36] check log size
[2024-07-16 10:58:36] check log size
[2024-07-16 10:59:36] check log size
[2024-07-16 11:00:36] check log size
[2024-07-16 11:01:36] check log size
[2024-07-16 11:02:36] check log size
[2024-07-16 11:03:36] check log size
[2024-07-16 11:04:36] check log size
[2024-07-16 11:05:36] check log size
[2024-07-16 11:06:36] check log size
[2024-07-16 11:07:36] check log size
[2024-07-16 11:08:36] check log size
[2024-07-16 11:09:36] check log size
[2024-07-16 11:10:36] check log size
[2024-07-16 11:11:36] check log size
[2024-07-16 11:12:36] check log size
[2024-07-16 11:13:36] check log size
[2024-07-16 11:14:36] check log size
[2024-07-16 11:15:36] check log size
[2024-07-16 11:16:36] check log size
[2024-07-16 11:17:36] check log size
[2024-07-16 11:18:36] check log size
[2024-07-16 11:19:36] check log size
[2024-07-16 11:20:36] check log size
[2024-07-16 11:21:36] check log size
[2024-07-16 11:22:36] check log size
[2024-07-16 11:23:36] check log size
[2024-07-16 11:24:36] check log size
[2024-07-16 11:25:36] check log size
[2024-07-16 11:26:36] check log size
[2024-07-16 11:27:36] check log size
[2024-07-16 11:28:36] check log size
[2024-07-16 11:29:36] check log size
[2024-07-16 11:30:37] check log size
[2024-07-16 11:31:37] check log size
[2024-07-16 11:32:37] check log size
[2024-07-16 11:33:37] check log size
[2024-07-16 11:34:37] check log size
[2024-07-16 11:35:37] check log size
[2024-07-16 11:36:37] check log size
[2024-07-16 11:37:37] check log size
[2024-07-16 11:38:37] check log size
[2024-07-16 11:39:37] check log size
[2024-07-16 11:40:37] check log size
[2024-07-16 11:41:37] check log size
[2024-07-16 11:42:37] check log size
[2024-07-16 11:43:37] check log size
[2024-07-16 11:44:37] check log size
[2024-07-16 11:45:37] check log size
[2024-07-16 11:46:37] check log size
[2023-03-28 01:54:09] log_rotation script  begin
[2023-03-28 01:55:09] check log size
[2024-07-16 13:47:58] check log size
[2024-07-16 13:48:58] check log size
[2024-07-16 13:49:58] check log size
[2024-07-16 13:50:59] check log size
[2024-07-16 13:51:59] check log size
[2024-07-16 13:52:59] check log size
[2024-07-16 13:53:59] check log size
[2024-07-16 13:54:59] check log size
[2024-07-16 13:55:59] check log size
[2024-07-16 13:56:59] check log size
[2024-07-16 13:57:59] check log size
[2024-07-16 13:58:59] check log size
[2024-07-16 13:59:59] check log size
[2024-07-16 14:00:59] check log size
[2024-07-16 14:01:59] check log size
[2024-07-16 14:02:59] check log size
[2024-07-16 14:03:59] check log size
[2024-07-16 14:04:59] check log size
[2024-07-16 14:05:59] check log size
[2024-07-16 14:06:59] check log size
[2024-07-16 14:07:59] check log size
[2024-07-16 14:08:59] check log size
[2024-07-16 14:09:59] check log size
[2024-07-16 14:10:59] check log size
[2024-07-16 14:11:59] check log size
[2024-07-16 14:12:59] check log size
[2024-07-16 14:13:59] check log size
[2024-07-16 14:14:59] check log size
[2024-07-16 14:15:59] check log size
[2024-07-16 14:16:59] check log size
[2024-07-16 14:17:59] check log size
[2024-07-16 14:18:59] check log size
[2024-07-16 14:19:59] check log size
[2024-07-16 14:20:59] check log size
[2024-07-16 14:21:59] check log size
[2024-07-16 14:22:59] check log size
[2024-07-16 14:24:00] check log size
[2024-07-16 14:25:00] check log size
[2024-07-16 14:26:00] check log size
[2024-07-16 14:27:00] check log size
[2024-07-16 14:28:00] check log size
[2024-07-16 14:29:00] check log size
[2024-07-16 14:30:00] check log size
[2024-07-16 14:31:00] check log size
[2024-07-16 14:32:00] check log size
[2024-07-16 14:33:00] check log size
[2024-07-16 14:34:00] check log size
[2024-07-16 14:35:00] check log size
[2024-07-16 14:36:00] check log size
[2024-07-16 14:37:00] check log size
[2024-07-16 14:38:00] check log size
[2024-07-16 14:39:00] check log size
[2024-07-16 14:40:00] check log size
[2024-07-16 14:41:00] check log size
[2024-07-16 14:42:00] check log size
[2024-07-16 14:43:00] check log size
[2024-07-16 14:44:00] check log size
[2024-07-16 14:45:00] check log size
[2024-07-16 14:46:00] check log size
[2024-07-16 14:47:00] check log size
[2024-07-16 14:48:00] check log size
[2024-07-16 14:49:00] check log size
[2024-07-16 14:50:00] check log size
[2024-07-16 14:51:00] check log size
[2024-07-16 14:52:00] check log size
[2024-07-16 14:53:00] check log size
[2024-07-16 14:54:00] check log size
[2024-07-16 14:55:00] check log size
[2024-07-16 14:56:01] check log size
[2024-07-16 14:57:01] check log size
[2024-07-16 14:58:01] check log size
[2024-07-16 14:59:01] check log size
[2024-07-16 15:00:01] check log size
[2024-07-16 15:01:01] check log size
[2024-07-16 15:02:01] check log size
[2024-07-16 15:03:01] check log size
[2024-07-16 15:04:01] check log size
[2024-07-16 15:05:01] check log size
[2024-07-16 15:06:01] check log size
[2024-07-16 15:07:01] check log size
[2024-07-16 15:08:01] check log size
[2024-07-16 15:09:01] check log size
[2024-07-16 15:10:01] check log size
[2024-07-16 15:11:01] check log size
[2024-07-16 15:12:01] check log size
[2024-07-16 15:13:01] check log size
[2024-07-16 15:14:01] check log size
[2024-07-16 15:15:01] check log size
[2024-07-16 15:16:01] check log size
[2024-07-16 15:17:01] check log size
[2024-07-16 15:18:01] check log size
[2024-07-16 15:19:01] check log size
[2024-07-16 15:20:01] check log size
[2024-07-16 15:21:01] check log size
[2024-07-16 15:22:01] check log size
[2024-07-16 15:23:01] check log size
[2024-07-16 15:24:01] check log size
[2024-07-16 15:25:01] check log size
[2024-07-16 15:26:01] check log size
[2024-07-16 15:27:01] check log size
[2024-07-16 15:28:01] check log size
[2024-07-16 15:29:01] check log size
[2024-07-16 15:30:01] check log size
[2024-07-16 15:31:01] check log size
[2024-07-16 15:32:01] check log size
[2024-07-16 15:33:02] check log size
[2024-07-16 15:34:02] check log size
[2024-07-16 15:35:02] check log size
[2024-07-16 15:36:02] check log size
[2024-07-16 15:37:02] check log size
[2024-07-16 15:38:02] check log size
[2024-07-16 15:39:02] check log size
[2024-07-16 15:40:02] check log size
[2024-07-16 15:41:02] check log size
[2024-07-16 15:42:02] check log size
[2024-07-16 15:43:02] check log size
[2024-07-16 15:44:02] check log size
[2024-07-16 15:45:02] check log size
[2024-07-16 15:46:02] check log size
[2024-07-16 15:47:02] check log size
[2024-07-16 15:48:02] check log size
[2024-07-16 15:49:02] check log size
[2024-07-16 15:50:02] check log size
[2024-07-16 15:51:02] check log size
[2024-07-16 15:52:02] check log size
[2024-07-16 15:53:02] check log size
[2024-07-16 15:54:02] check log size
[2024-07-16 15:55:02] check log size
[2024-07-16 15:56:02] check log size
[2024-07-16 15:57:02] check log size
[2024-07-16 15:58:02] check log size
[2024-07-16 15:59:02] check log size
[2024-07-16 16:00:02] check log size
[2024-07-16 16:01:02] check log size
[2024-07-16 16:02:02] check log size
[2024-07-16 16:03:02] check log size
[2024-07-16 16:04:02] check log size
[2024-07-16 16:05:03] check log size
[2024-07-16 16:06:03] check log size
[2024-07-16 16:07:03] check log size
[2024-07-16 16:08:03] check log size
[2024-07-16 16:09:03] check log size
[2024-07-16 16:10:03] check log size
[2024-07-16 16:11:03] check log size
[2024-07-16 16:12:03] check log size
[2024-07-16 16:13:03] check log size
[2024-07-16 16:14:03] check log size
[2024-07-16 16:15:03] check log size
[2024-07-16 16:16:03] check log size
[2024-07-16 16:17:03] check log size
[2024-07-16 16:18:03] check log size
[2024-07-16 16:19:03] check log size
[2024-07-16 16:20:03] check log size
[2024-07-16 16:21:03] check log size
[2024-07-16 16:22:03] check log size
[2024-07-16 16:23:03] check log size
[2024-07-16 16:24:03] check log size
[2024-07-16 16:25:03] check log size
[2024-07-16 16:26:03] check log size
[2024-07-16 16:27:03] check log size
[2024-07-16 16:28:03] check log size
[2024-07-16 16:29:03] check log size
[2024-07-16 16:30:03] check log size
[2024-07-16 16:31:03] check log size
[2024-07-16 16:32:03] check log size
